// Jest Snapshot v1, https://goo.gl/fbAQLP

exports[`<RecommendationDetail /> renders with empty props correctly 1`] = `
<div
  className="UserDetailEmpty"
>
  <div
    className="empty"
  >
    <h3
      className="msg align-self-center"
    >
      There's no one new around you.
    </h3>
  </div>
</div>
`;

exports[`<RecommendationDetail /> renders with props correctly 1`] = `
<div
  className="UserDetailEmpty"
>
  <div
    className="empty"
  >
    <h3
      className="msg align-self-center"
    >
      There's no one new around you.
    </h3>
  </div>
</div>
`;
