// Jest Snapshot v1, https://goo.gl/fbAQLP

exports[`<Home /> renders correctly 1`] = `
<div
  className="Home"
>
  <div
    className="container-fluid"
  >
    <div
      className="full row"
    >
      <div
        className="col col-sm-4"
      >
        <div
          className="MatchesList"
        >
          <div
            className="empty"
          >
            <h3
              className="msg align-self-center"
            >
              No matches yet. Get swiping!
            </h3>
          </div>
        </div>
      </div>
      <div
        className="col col-sm-8"
      >
        <div
          className="empty"
        >
          <h1
            className="msg"
          >
            There's no one new around you :(
          </h1>
        </div>
      </div>
    </div>
  </div>
</div>
`;
