// Jest Snapshot v1, https://goo.gl/fbAQLP

exports[`<Recommendation /> renders with empty props correctly 1`] = `
<div>
  <h1>
    There's no one new around you.
  </h1>
</div>
`;
