// Jest Snapshot v1, https://goo.gl/fbAQLP

exports[`<Matches /> renders correctly 1`] = `
<div
  className="Matches"
>
  <div
    className="container-fluid"
  >
    <div
      className="full row"
    >
      <div
        className="col col-sm-4"
      >
        <div
          className="MatchesList"
        >
<<<<<<< HEAD
          <ul>
            <div
              className="MatchesListItem"
              onClick={[Function]}
              tabIndex="0"
            >
              <div
                className="img-container"
              >
                <img
                  alt=""
                  className="circular"
                  src="http://cache.umusic.com/_sites/kendricklamar.com/images/og.jpg"
                />
              </div>
              <div
                className="details"
              >
                <div
                  className="top"
                >
                  <div
                    className="left"
                  >
                    <span
                      className="title"
                    >
                      Kendrick Lamar
                    </span>
                  </div>
                  <div
                    className="right"
                  >
                    <span
                      className="date"
                    >
                      2018-02-12
                    </span>
                  </div>
                </div>
                <div
                  className="bottom"
                >
                  <span
                    className="subtitle"
                  >
                    How u doin?
                  </span>
                </div>
              </div>
            </div>
            <div
              className="MatchesListItem"
              onClick={[Function]}
              tabIndex="0"
            >
              <div
                className="img-container"
              >
                <img
                  alt=""
                  className="circular"
                  src="https://i.scdn.co/image/f4509fe9c589c12be5470653178f901bd697b97b"
                />
              </div>
              <div
                className="details"
              >
                <div
                  className="top"
                >
                  <div
                    className="left"
                  >
                    <span
                      className="title"
                    >
                      Mac Miller | Larry Fisherman | Delusional Thomas
                    </span>
                  </div>
                  <div
                    className="right"
                  >
                    <span
                      className="date"
                    >
                      2018-02-12
                    </span>
                  </div>
                </div>
                <div
                  className="bottom"
                >
                  <span
                    className="subtitle"
                  >
                    ;););) Want to meet hot new singles? Click this totally legit link: www.gethotsingles.com
                  </span>
                </div>
              </div>
            </div>
            <div
              className="MatchesListItem"
              onClick={[Function]}
              tabIndex="0"
            >
              <div
                className="img-container"
              >
                <img
                  alt=""
                  className="circular"
                  src="https://media.pitchfork.com/photos/592997c25e6ef9596931f65a/1:1/w_300/e2fc485c.jpg"
                />
              </div>
              <div
                className="details"
              >
                <div
                  className="top"
                >
                  <div
                    className="left"
                  >
                    <span
                      className="title"
                    >
                      Ian Simpson
                    </span>
                  </div>
                  <div
                    className="right"
                  >
                    <span
                      className="date"
                    >
                      2018-02-12
                    </span>
                  </div>
                </div>
                <div
                  className="bottom"
                >
                  <span
                    className="subtitle"
                  >
                    What u wearin
                  </span>
                </div>
              </div>
            </div>
            <div
              className="MatchesListItem"
              onClick={[Function]}
              tabIndex="0"
            >
              <div
                className="img-container"
              >
                <img
                  alt=""
                  className="circular"
                  src="http://cache.umusic.com/_sites/kendricklamar.com/images/og.jpg"
                />
              </div>
              <div
                className="details"
              >
                <div
                  className="top"
                >
                  <div
                    className="left"
                  >
                    <span
                      className="title"
                    >
                      Kendrick Lamar
                    </span>
                  </div>
                  <div
                    className="right"
                  >
                    <span
                      className="date"
                    >
                      2018-02-12
                    </span>
                  </div>
                </div>
                <div
                  className="bottom"
                >
                  <span
                    className="subtitle"
                  >
                    How u doin?
                  </span>
                </div>
              </div>
            </div>
            <div
              className="MatchesListItem"
              onClick={[Function]}
              tabIndex="0"
            >
              <div
                className="img-container"
              >
                <img
                  alt=""
                  className="circular"
                  src="https://i.scdn.co/image/f4509fe9c589c12be5470653178f901bd697b97b"
                />
              </div>
              <div
                className="details"
              >
                <div
                  className="top"
                >
                  <div
                    className="left"
                  >
                    <span
                      className="title"
                    >
                      Mac Miller | Larry Fisherman | Delusional Thomas
                    </span>
                  </div>
                  <div
                    className="right"
                  >
                    <span
                      className="date"
                    >
                      2018-02-12
                    </span>
                  </div>
                </div>
                <div
                  className="bottom"
                >
                  <span
                    className="subtitle"
                  >
                    ;););) Want to meet hot new singles? Click this totally legit link: www.gethotsingles.com
                  </span>
                </div>
              </div>
            </div>
            <div
              className="MatchesListItem"
              onClick={[Function]}
              tabIndex="0"
            >
              <div
                className="img-container"
              >
                <img
                  alt=""
                  className="circular"
                  src="https://media.pitchfork.com/photos/592997c25e6ef9596931f65a/1:1/w_300/e2fc485c.jpg"
                />
              </div>
              <div
                className="details"
              >
                <div
                  className="top"
                >
                  <div
                    className="left"
                  >
                    <span
                      className="title"
                    >
                      Ian Simpson
                    </span>
                  </div>
                  <div
                    className="right"
                  >
                    <span
                      className="date"
                    >
                      2018-02-12
                    </span>
                  </div>
                </div>
                <div
                  className="bottom"
                >
                  <span
                    className="subtitle"
                  >
                    What u wearin
                  </span>
                </div>
              </div>
            </div>
            <div
              className="MatchesListItem"
              onClick={[Function]}
              tabIndex="0"
            >
              <div
                className="img-container"
              >
                <img
                  alt=""
                  className="circular"
                  src="http://cache.umusic.com/_sites/kendricklamar.com/images/og.jpg"
                />
              </div>
              <div
                className="details"
              >
                <div
                  className="top"
                >
                  <div
                    className="left"
                  >
                    <span
                      className="title"
                    >
                      Kendrick Lamar
                    </span>
                  </div>
                  <div
                    className="right"
                  >
                    <span
                      className="date"
                    >
                      2018-02-12
                    </span>
                  </div>
                </div>
                <div
                  className="bottom"
                >
                  <span
                    className="subtitle"
                  >
                    How u doin?
                  </span>
                </div>
              </div>
            </div>
            <div
              className="MatchesListItem"
              onClick={[Function]}
              tabIndex="0"
            >
              <div
                className="img-container"
              >
                <img
                  alt=""
                  className="circular"
                  src="https://i.scdn.co/image/f4509fe9c589c12be5470653178f901bd697b97b"
                />
              </div>
              <div
                className="details"
              >
                <div
                  className="top"
                >
                  <div
                    className="left"
                  >
                    <span
                      className="title"
                    >
                      Mac Miller | Larry Fisherman | Delusional Thomas
                    </span>
                  </div>
                  <div
                    className="right"
                  >
                    <span
                      className="date"
                    >
                      2018-02-12
                    </span>
                  </div>
                </div>
                <div
                  className="bottom"
                >
                  <span
                    className="subtitle"
                  >
                    ;););) Want to meet hot new singles? Click this totally legit link: www.gethotsingles.com
                  </span>
                </div>
              </div>
            </div>
          </ul>
        </div>
      </div>
      <div
        className="col col-sm-8"
      >
        <div
          className="UserDetail"
        >
=======
>>>>>>> master
          <div
            className="empty"
          >
            <h3
              className="msg align-self-center"
            >
              No matches yet. Get swiping!
            </h3>
          </div>
        </div>
      </div>
      <div
        className="col col-sm-8"
      >
        <div>
          <h1>
            There's no one new around you.
          </h1>
        </div>
      </div>
    </div>
  </div>
</div>
`;
