// Jest Snapshot v1, https://goo.gl/fbAQLP

exports[`<MatchesList /> renders with matches correctly 1`] = `
<div
  className="MatchesList"
>
  <ul>
    <div
      className="MatchesListItem"
    >
      <div
        className="img-container"
      >
        <img
          alt=""
          className="circular"
          src="A"
        />
      </div>
      <div
        className="details"
      >
        <div
          className="top"
        >
          <div
            className="left"
          >
            <span
              className="title"
            >
              A
            </span>
          </div>
          <div
            className="right"
          >
            <span
              className="date"
            >
              2018-01-01
            </span>
          </div>
        </div>
        <div
          className="bottom"
        >
          <span
            className="subtitle"
          >
            A
          </span>
        </div>
      </div>
    </div>
    <div
      className="MatchesListItem"
    >
      <div
        className="img-container"
      >
        <img
          alt=""
          className="circular"
          src="B"
        />
      </div>
      <div
        className="details"
      >
        <div
          className="top"
        >
          <div
            className="left"
          >
            <span
              className="title"
            >
              B
            </span>
          </div>
          <div
            className="right"
          >
            <span
              className="date"
            >
              2018-01-02
            </span>
          </div>
        </div>
        <div
          className="bottom"
        >
          <span
            className="subtitle"
          >
            B
          </span>
        </div>
      </div>
    </div>
    <div
      className="MatchesListItem"
    >
      <div
        className="img-container"
      >
        <img
          alt=""
          className="circular"
          src="C"
        />
      </div>
      <div
        className="details"
      >
        <div
          className="top"
        >
          <div
            className="left"
          >
            <span
              className="title"
            >
              C
            </span>
          </div>
          <div
            className="right"
          >
            <span
              className="date"
            >
              2018-01-03
            </span>
          </div>
        </div>
        <div
          className="bottom"
        >
          <span
            className="subtitle"
          >
            C
          </span>
        </div>
      </div>
    </div>
    <div
      className="MatchesListItem"
    >
      <div
        className="img-container"
      >
        <img
          alt=""
          className="circular"
          src="D"
        />
      </div>
      <div
        className="details"
      >
        <div
          className="top"
        >
          <div
            className="left"
          >
            <span
              className="title"
            >
              D
            </span>
          </div>
          <div
            className="right"
          >
            <span
              className="date"
            >
              2018-01-04
            </span>
          </div>
        </div>
        <div
          className="bottom"
        >
          <span
            className="subtitle"
          >
            D
          </span>
        </div>
      </div>
    </div>
    <div
      className="MatchesListItem"
    >
      <div
        className="img-container"
      >
        <img
          alt=""
          className="circular"
          src="E"
        />
      </div>
      <div
        className="details"
      >
        <div
          className="top"
        >
          <div
            className="left"
          >
            <span
              className="title"
            >
              E
            </span>
          </div>
          <div
            className="right"
          >
            <span
              className="date"
            >
              2018-01-05
            </span>
          </div>
        </div>
        <div
          className="bottom"
        >
          <span
            className="subtitle"
          >
            E
          </span>
        </div>
      </div>
    </div>
  </ul>
</div>
`;

exports[`<MatchesList /> renders with no matches correctly 1`] = `
<div
  className="MatchesList"
>
  <div
    className="empty"
  >
    <h3
      className="msg align-self-center"
    >
      No matches yet. Get swiping!
    </h3>
  </div>
</div>
`;
