// Jest Snapshot v1, https://goo.gl/fbAQLP

exports[`renders without crashing 1`] = `
<View
  style={
    Object {
      "flex": 1,
      "height": 1334,
    }
  }
  virtual={undefined}
>
  <View>
    <View
      style={
        Object {
          "backgroundColor": "#F8F8F8",
          "borderBottomColor": "#a7a6ab",
          "borderBottomWidth": 0.5,
          "elevation": 3,
          "flexDirection": "row",
          "height": 64,
          "justifyContent": "center",
          "left": 0,
          "paddingLeft": 10,
          "paddingRight": 10,
          "paddingTop": 15,
          "right": 0,
          "shadowColor": undefined,
          "shadowOffset": undefined,
          "shadowOpacity": undefined,
          "shadowRadius": undefined,
          "top": 0,
        }
      }
      virtual={undefined}
    >
      <View
        style={
          Object {
            "alignItems": "center",
            "alignSelf": "center",
            "flex": 1,
          }
        }
        virtual={undefined}
      >
        <Text
          accessible={true}
          allowFontScaling={true}
          ellipsizeMode="tail"
          numberOfLines={1}
          style={
            Object {
              "color": "#000",
              "fontFamily": "System",
              "fontSize": 17,
              "fontWeight": "600",
              "textAlign": "center",
            }
          }
          virtual={undefined}
        >
          Login
        </Text>
      </View>
    </View>
  </View>
  <RCTScrollView
    automaticallyAdjustContentInsets={false}
    contentContainerStyle={undefined}
    contentInset={
      Object {
        "bottom": 0,
      }
    }
    enableAutoAutomaticScroll={true}
    enableResetScrollToCoords={true}
    extraHeight={75}
    extraScrollHeight={0}
    getScrollResponder={[Function]}
    handleOnScroll={[Function]}
    keyboardDismissMode="interactive"
    keyboardOpeningTime={250}
    keyboardShouldPersistTaps="handled"
    keyboardSpace={0}
    onScroll={[Function]}
    resetKeyboardSpace={[Function]}
    resetScrollToCoords={
      Object {
        "x": 0,
        "y": 0,
      }
    }
    scrollEventThrottle={1}
    scrollForExtraHeightOnAndroid={[Function]}
    scrollToEnd={[Function]}
    scrollToFocusedInput={[Function]}
    scrollToPosition={[Function]}
    showsVerticalScrollIndicator={true}
    style={
      Object {
        "backgroundColor": "transparent",
        "flex": 1,
      }
    }
    viewIsInsideTabBar={false}
    virtual={undefined}
  >
    <View>
      <View
        style={Object {}}
        virtual={undefined}
      >
        <View
          accessibilityComponentType={undefined}
          accessibilityLabel={undefined}
          accessibilityTraits={undefined}
          accessible={true}
          collapsable={undefined}
          hasTVPreferredFocus={undefined}
          hitSlop={undefined}
          isTVSelectable={true}
          nativeID={undefined}
          onLayout={undefined}
          onResponderGrant={[Function]}
          onResponderMove={[Function]}
          onResponderRelease={[Function]}
          onResponderTerminate={[Function]}
          onResponderTerminationRequest={[Function]}
          onStartShouldSetResponder={[Function]}
          style={
            Object {
              "alignItems": "center",
              "backgroundColor": "transparent",
              "borderBottomWidth": 1,
              "borderColor": "#D9D5DC",
              "borderLeftWidth": 0,
              "borderRightWidth": 0,
              "borderTopWidth": 0,
              "flexDirection": "row",
              "marginLeft": 15,
              "marginTop": 15,
              "opacity": 1,
            }
          }
          testID={undefined}
          tvParallaxProperties={undefined}
        >
          <View
            collapsable={undefined}
            style={
              Object {
                "left": 0,
                "opacity": 1,
                "paddingBottom": undefined,
                "paddingTop": undefined,
                "position": "absolute",
                "right": 0,
                "top": 18,
              }
            }
          >
            <Text
              accessible={true}
              allowFontScaling={true}
              ellipsizeMode="tail"
              style={
                Object {
                  "color": "#575757",
                  "fontSize": 17,
                  "left": 0,
                  "paddingRight": 5,
                  "top": 6,
                }
              }
              virtual={undefined}
            >
              <Text
                accessible={true}
                allowFontScaling={true}
                ellipsizeMode="tail"
                style={
                  Object {
                    "fontSize": 17,
                  }
                }
                virtual={undefined}
              >
                Email
              </Text>
            </Text>
          </View>
          <TextInput
            allowFontScaling={true}
            editable={true}
            onBlur={[Function]}
            onChangeText={[Function]}
            onFocus={[Function]}
            placeholderTextColor="#575757"
            style={
              Object {
                "color": "#000",
                "flex": 1,
                "fontSize": 17,
                "height": 50,
                "lineHeight": 24,
                "marginLeft": null,
                "paddingLeft": null,
                "paddingRight": 5,
                "top": 10,
              }
            }
            underlineColorAndroid="rgba(0,0,0,0)"
            value=""
            virtual={undefined}
          />
        </View>
        <View
          accessibilityComponentType={undefined}
          accessibilityLabel={undefined}
          accessibilityTraits={undefined}
          accessible={true}
          collapsable={undefined}
          hasTVPreferredFocus={undefined}
          hitSlop={undefined}
          isTVSelectable={true}
          nativeID={undefined}
          onLayout={undefined}
          onResponderGrant={[Function]}
          onResponderMove={[Function]}
          onResponderRelease={[Function]}
          onResponderTerminate={[Function]}
          onResponderTerminationRequest={[Function]}
          onStartShouldSetResponder={[Function]}
          style={
            Object {
              "alignItems": "center",
              "backgroundColor": "transparent",
              "borderBottomWidth": 1,
              "borderColor": "#D9D5DC",
              "borderLeftWidth": 0,
              "borderRightWidth": 0,
              "borderTopWidth": 0,
              "flexDirection": "row",
              "marginLeft": 0,
              "marginTop": 15,
              "opacity": 1,
              "paddingLeft": 15,
            }
          }
          testID={undefined}
          tvParallaxProperties={undefined}
        >
          <View
            collapsable={undefined}
            style={
              Object {
                "left": 15,
                "opacity": 1,
                "paddingBottom": undefined,
                "paddingTop": undefined,
                "position": "absolute",
                "right": 0,
                "top": 18,
              }
            }
          >
            <Text
              accessible={true}
              allowFontScaling={true}
              ellipsizeMode="tail"
              style={
                Object {
                  "color": "#575757",
                  "fontSize": 17,
                  "left": 0,
                  "paddingRight": 5,
                  "top": 6,
                }
              }
              virtual={undefined}
            >
              <Text
                accessible={true}
                allowFontScaling={true}
                ellipsizeMode="tail"
                style={
                  Object {
                    "fontSize": 17,
                  }
                }
                virtual={undefined}
              >
                Password
              </Text>
            </Text>
          </View>
          <TextInput
            allowFontScaling={true}
            editable={true}
            onBlur={[Function]}
            onChangeText={[Function]}
            onFocus={[Function]}
            placeholderTextColor="#575757"
            style={
              Object {
                "color": "#000",
                "flex": 1,
                "fontSize": 17,
                "height": 50,
                "lineHeight": 24,
                "marginLeft": null,
                "paddingLeft": null,
                "paddingRight": 5,
                "top": 10,
              }
            }
            underlineColorAndroid="rgba(0,0,0,0)"
            value=""
            virtual={undefined}
          />
        </View>
      </View>
      <View
        accessibilityComponentType={undefined}
        accessibilityLabel={undefined}
        accessibilityTraits={undefined}
        accessible={true}
        collapsable={undefined}
        hasTVPreferredFocus={undefined}
        hitSlop={undefined}
        isTVSelectable={true}
        nativeID={undefined}
        onLayout={undefined}
        onResponderGrant={[Function]}
        onResponderMove={[Function]}
        onResponderRelease={[Function]}
        onResponderTerminate={[Function]}
        onResponderTerminationRequest={[Function]}
        onStartShouldSetResponder={[Function]}
        style={
          Object {
            "alignItems": "center",
            "alignSelf": "flex-start",
            "backgroundColor": "#007aff",
            "borderBottomWidth": null,
            "borderColor": "#007aff",
            "borderLeftWidth": null,
            "borderRadius": 5,
            "borderRightWidth": null,
            "borderTopWidth": null,
            "elevation": 2,
            "flexDirection": "row",
            "height": 45,
            "justifyContent": "space-between",
            "opacity": 1,
            "paddingBottom": 6,
            "paddingTop": 6,
          }
        }
        testID={undefined}
        tvParallaxProperties={undefined}
      >
        <Text
          accessible={true}
          allowFontScaling={true}
          ellipsizeMode="tail"
        >
          Log In
        </Text>
      </View>
    </View>
  </RCTScrollView>
</View>
`;
